// Jest Snapshot v1, https://goo.gl/fbAQLP

exports[`News renders correctly 1`] = `
<DocumentFragment>
  <div
    class="news__container"
  >
    <div>
      <a
        class="news__info"
        data-testid="url"
        href="https://astralcodexten.substack.com/p/your-book-review-making-nature"
        rel="noreferrer"
        target="_blank"
      >
        <div>
          <svg
            class="iconmonstr-time-2"
            height="24"
            viewBox="0 0 24 24"
            width="24"
            xmlns="http://www.w3.org/2000/svg"
          >
            <path
              d="M12 2c5.514 0 10 4.486 10 10s-4.486 10-10 10-10-4.486-10-10 4.486-10 10-10zm0-2c-6.627 0-12 5.373-12 12s5.373 12 12 12 12-5.373 12-12-5.373-12-12-12zm1 12v-6h-2v8h7v-2h-5z"
            />
          </svg>
          <span>
            34 minutes ago by derbOac
          </span>
        </div>
        <div>
          <span>
            Book Review: Making Nature
          </span>
        </div>
      </a>
      <div
        class="news__like"
      >
        <svg
          class="iconmonstr-heart"
          clip-rule="evenodd"
          fill-rule="evenodd"
          height="24"
          width="24"
          xmlns="http://www.w3.org/2000/svg"
        >
          <path
            d="M12 21.593c-5.63-5.539-11-10.297-11-14.402 0-3.791 3.068-5.191 5.281-5.191 1.312 0 4.151.501 5.719 4.457 1.59-3.968 4.464-4.447 5.726-4.447 2.54 0 5.274 1.621 5.274 5.181 0 4.069-5.136 8.625-11 14.402m5.726-20.583c-2.203 0-4.446 1.042-5.726 3.238-1.285-2.206-3.522-3.248-5.719-3.248-3.183 0-6.281 2.187-6.281 6.191 0 4.661 5.571 9.429 12 15.809 6.43-6.38 12-11.148 12-15.809 0-4.011-3.095-6.181-6.274-6.181"
          />
        </svg>
      </div>
    </div>
  </div>
</DocumentFragment>
`;
